79 stations to process
  Adult male requesting an autism assessment due to work struggles: ok
  Paramedic handover for ‘nerve entrapment’: ok
  Man with itchy, darkened skin patches: ok
  Cardiovascular Risk and Impaired Fasting Glycaemia in a South Asian Male: ok
  Childhood Leukaemia Survivor with Health Anxiety: ok
  Young woman requesting HIV test: ok
  Gender Identity Exploration and Parent Communication: ok
  Urinary Incontinence in Multiple Sclerosis: ok
  Remote Triage of Acute Respiratory Decline & Confusion: ok
  Beautician with suspected contact dermatitis: ok
  Man concerned about chest pain during exercise: ok
  Asthma Management and Visual Impairment: ok
  Woman in early pregnancy requesting minimal antenatal intervention: ok
  Middle-aged man has abdominal and loin pain. Examination expected.: ok
  Acute Kidney Injury following Gastroenteritis: ok
  Father concerned about sudden cardiac death screening: ok
  Obese man with nocturnal cough: ok
  Remote Triage of the Acute Scrotum: ok
  Worsening COPD on Triple Therapy: ok
  Bus driver asks for help to break his habit of heavy drinking: ok
  Sight-impaired man with leg pain while marathon training: ok
  Elderly woman asking for explanation of diverticular disease diagnosis: ok
  Young woman struggling with weight loss: ok
  Elderly man has back pain which is keeping him awake at night: ok
  Elderly man requesting more analgesia for hip OA: ok
  Postnatal woman with flu-like symptoms and a painful breast: ok
  Airline pilot with Type 2 Diabetes and rising HbA1c: ok
  Woman with transient hand weakness and clumsiness: ok
  Hearing-impaired man with troublesome tinnitus: ok
  Gardener with troublesome allergic conjunctivitis and hay fever: ok
  Middle-aged man with mildly abnormal LFTs and a fatty liver scan: ok
  Mother requesting referral for 3-year-old not potty trained: ok
  Alcohol-Related Falls: ok
  Older woman with shooting jaw pain: ok
  Schoolteacher with painful red eye: ok
  Middle-aged woman with sudden-onset dizziness: ok
  Woman requesting pre-conceptual advice due to family history of Duchenne Muscular Dystrophy: ok
  Woman with Autosomal Recessive Ataxia discussing risks to her children: ok
  Mother under pressure to submit daughter to FGM: ok
  Teenager with compulsive tidying: ok
  Woman in a same-sex relationship requesting assisted conception referral: ok
  Teenager with persistent sore throat, lymphadenopathy, and abdominal pain: ok
  Adult son concerned about elderly father’s rapid decline: ok
  Young Woman with a Learning Capacity Requesting Contraception: ok
  Woman with heart failure and diuretic-induced incontinence: ok
  District Nurse requesting an antiemetic: ok
  Child with purpuric rash and abdominal pain: ok
  Woman with ongoing abdominal pain following normal gastroenterology discharge: ok
  Young female with chronic abdominal pain: ok
  Young mother with ideas of reference: ok
  Postpartum Low Libido: ok
  Student returning from SE Asia with fever and headache: ok
  Adolescent with low mood/irritability and cannabis Withdrawal: ok
  Mother discussing possible ADHD in her young son: ok
  Presyncopal Young Female: Examination Expected: ok
  Parent requesting allergy testing for their child with eczema: ok
  Man with metastatic bowel cancer discussing ongoing care: ok
  Woman with worsening heart failure symptoms: ok
  Man with recurrent daily headaches not responding to analgesia: ok
  Adolescent wanting to start contraceptive pill: ok
  Health visitor has safeguarding concerns for an infant: ok
  Elderly man with rapid vision loss: ok
  Waiter with excessive sweating: ok
  Woman with patchy hair loss: ok
  Carer discussing sudden jerky movements in a young man with a learning disability: ok
  Woman requesting genetic screening for breast cancer: ok
  Young woman wishing to discuss borderline cervical smear result: ok
  A Muslim woman discusses end-of-life care and religious traditions: ok
  Woman discovering a breast lump on self-examination: ok
  Woman with tiredness, macrocytic anaemia, and hypercholesterolaemia: ok
  Ehlers-Danlos Syndrome & Occupational Burnout: ok
  Teenage boy with groin/knee pain and a new limp: ok
  Woman in early pregnancy requests an abortion: ok
  Elderly woman with persistent itchy rash: ok
  Health Inequalities, Temporary Accommodation & COPD Exacerbation: ok
  Remote Triage of the Acute Headache - examination expected: ok
  Newly registered patient with HIV concerned about confidentiality: ok
  Woman with a learning disability limping: ok
  Patient with a witnessed first seizure on holiday: ok
proposals written to scripts/indicator_proposals.jsonl
